2026-09-20 18:31:43,542 [INFO] 本次只迁移 8 张指定表（不会搬源库其余表）: users, products, orders, order_items, payments, edge_nulls, edge_empty, edge_types
2026-09-20 18:31:43,603 [INFO] 导出 biz.users -> data\export\users.csv，5 行
2026-09-20 18:31:43,621 [INFO] 已清空目标表 "demo"."users"
2026-09-20 18:31:43,630 [INFO] COPY 写入 "demo"."users"，rowcount=5
2026-09-20 18:31:43,635 [INFO] 导出 biz.products -> data\export\products.csv，4 行
2026-09-20 18:31:43,649 [INFO] 已清空目标表 "demo"."products"
2026-09-20 18:31:43,657 [INFO] COPY 写入 "demo"."products"，rowcount=4
2026-09-20 18:31:43,663 [INFO] 导出 biz.orders -> data\export\orders.csv，5 行
2026-09-20 18:31:43,671 [INFO] 已清空目标表 "demo"."orders"
2026-09-20 18:31:43,678 [INFO] COPY 写入 "demo"."orders"，rowcount=5
2026-09-20 18:31:43,683 [INFO] 导出 biz.order_items -> data\export\order_items.csv，5 行
2026-09-20 18:31:43,691 [INFO] 已清空目标表 "demo"."order_items"
2026-09-20 18:31:43,699 [INFO] COPY 写入 "demo"."order_items"，rowcount=5
2026-09-20 18:31:43,704 [INFO] 导出 biz.payments -> data\export\payments.csv，3 行
2026-09-20 18:31:43,716 [INFO] 已清空目标表 "demo"."payments"
2026-09-20 18:31:43,724 [INFO] COPY 写入 "demo"."payments"，rowcount=3
2026-09-20 18:31:43,731 [INFO] 导出 biz.edge_nulls -> data\export\edge_nulls.csv，4 行
2026-09-20 18:31:43,742 [INFO] 已清空目标表 "demo"."edge_nulls"
2026-09-20 18:31:43,752 [INFO] COPY 写入 "demo"."edge_nulls"，rowcount=4
2026-09-20 18:31:43,758 [INFO] 导出 biz.edge_empty -> data\export\edge_empty.csv，0 行
2026-09-20 18:31:43,766 [INFO] 已清空目标表 "demo"."edge_empty"
2026-09-20 18:31:43,772 [INFO] COPY 写入 "demo"."edge_empty"，rowcount=0
2026-09-20 18:31:43,777 [INFO] 导出 biz.edge_types -> data\export\edge_types.csv，3 行
2026-09-20 18:31:43,786 [INFO] 已清空目标表 "demo"."edge_types"
2026-09-20 18:31:43,797 [INFO] COPY 写入 "demo"."edge_types"，rowcount=3
2026-09-20 18:31:43,859 [INFO] 校验 users: count 5/5 checksum match sample_mismatch=0 passed=True
2026-09-20 18:31:43,871 [INFO] 校验 products: count 4/4 checksum match sample_mismatch=0 passed=True
2026-09-20 18:31:43,883 [INFO] 校验 orders: count 5/5 checksum match sample_mismatch=0 passed=True
2026-09-20 18:31:43,897 [INFO] 校验 order_items: count 5/5 checksum match sample_mismatch=0 passed=True
2026-09-20 18:31:43,908 [INFO] 校验 payments: count 3/3 checksum match sample_mismatch=0 passed=True
2026-09-20 18:31:43,922 [INFO] 校验 edge_nulls: count 4/4 checksum match sample_mismatch=0 passed=True
2026-09-20 18:31:43,929 [INFO] 校验 edge_empty: count 0/0 checksum match sample_mismatch=0 passed=True
2026-09-20 18:31:43,938 [INFO] 校验 edge_types: count 3/3 checksum match sample_mismatch=0 passed=True
2026-09-20 18:31:43,940 [INFO] 报告已写入 results\stable-rerun\report.json 和 results\stable-rerun\report.md
